// Jest Snapshot v1, https://goo.gl/fbAQLP

exports[`Header without component 1`] = `ShallowWrapper {}`;
