// Jest Snapshot v1, https://goo.gl/fbAQLP

exports[`SearchForm with component 1`] = `ShallowWrapper {}`;

exports[`SearchForm without component 1`] = `ShallowWrapper {}`;
