// Jest Snapshot v1, https://goo.gl/fbAQLP

exports[`FilterProducts with component 1`] = `ShallowWrapper {}`;

exports[`FilterProducts without component 1`] = `ShallowWrapper {}`;
