// Jest Snapshot v1, https://goo.gl/fbAQLP

exports[`ProductItems with component 1`] = `ShallowWrapper {}`;

exports[`ProductItems without component 1`] = `ShallowWrapper {}`;
