// Jest Snapshot v1, https://goo.gl/fbAQLP

exports[`Main without components 1`] = `ShallowWrapper {}`;
