// Jest Snapshot v1, https://goo.gl/fbAQLP

exports[`CategoryMenu with component 1`] = `ShallowWrapper {}`;

exports[`CategoryMenu without component 1`] = `ShallowWrapper {}`;
