// Jest Snapshot v1, https://goo.gl/fbAQLP

exports[`with component 1`] = `ShallowWrapper {}`;

exports[`without component 1`] = `ShallowWrapper {}`;
